// Jest Snapshot v1, https://goo.gl/fbAQLP

exports[`SelectDateRange calls nextMonth() 1`] = `"<div class=\\"SelectDateRange\\"><div><button>Previous Year</button><span>2017</span><button>Next Year</button></div><div><button>Previous Month</button><span>November</span><button>Next Month</button></div><div class=\\"week\\"><div class=\\"day\\">Sun</div><div class=\\"day\\">Mon</div><div class=\\"day\\">Tue</div><div class=\\"day\\">Wed</div><div class=\\"day\\">Thu</div><div class=\\"day\\">Fri</div><div class=\\"day\\">Sat</div></div><div class=\\"calendar\\"><div class=\\"week\\"><div class=\\"day --is-not-in-start-month\\">29</div><div class=\\"day --is-not-in-start-month\\">30</div><div class=\\"day --is-not-in-start-month\\">31</div><div class=\\"day\\">1</div><div class=\\"day\\">2</div><div class=\\"day\\">3</div><div class=\\"day\\">4</div></div><div class=\\"week\\"><div class=\\"day\\">5</div><div class=\\"day\\">6</div><div class=\\"day\\">7</div><div class=\\"day\\">8</div><div class=\\"day\\">9</div><div class=\\"day\\">10</div><div class=\\"day\\">11</div></div><div class=\\"week\\"><div class=\\"day\\">12</div><div class=\\"day\\">13</div><div class=\\"day\\">14</div><div class=\\"day\\">15</div><div class=\\"day\\">16</div><div class=\\"day\\">17</div><div class=\\"day\\">18</div></div><div class=\\"week\\"><div class=\\"day\\">19</div><div class=\\"day\\">20</div><div class=\\"day\\">21</div><div class=\\"day\\">22</div><div class=\\"day\\">23</div><div class=\\"day\\">24</div><div class=\\"day\\">25</div></div><div class=\\"week\\"><div class=\\"day\\">26</div><div class=\\"day\\">27</div><div class=\\"day\\">28</div><div class=\\"day\\">29</div><div class=\\"day\\">30</div><div class=\\"day --is-not-in-start-month\\">1</div><div class=\\"day --is-not-in-start-month\\">2</div></div><div class=\\"week\\"><div class=\\"day --is-not-in-start-month\\">3</div><div class=\\"day --is-not-in-start-month\\">4</div><div class=\\"day --is-not-in-start-month\\">5</div><div class=\\"day --is-not-in-start-month\\">6</div><div class=\\"day --is-not-in-start-month\\">7</div><div class=\\"day --is-not-in-start-month\\">8</div><div class=\\"day --is-not-in-start-month\\">9</div></div></div></div>"`;

exports[`SelectDateRange calls nextYear() 1`] = `"<div class=\\"SelectDateRange\\"><div><button>Previous Year</button><span>2018</span><button>Next Year</button></div><div><button>Previous Month</button><span>October</span><button>Next Month</button></div><div class=\\"week\\"><div class=\\"day\\">Sun</div><div class=\\"day\\">Mon</div><div class=\\"day\\">Tue</div><div class=\\"day\\">Wed</div><div class=\\"day\\">Thu</div><div class=\\"day\\">Fri</div><div class=\\"day\\">Sat</div></div><div class=\\"calendar\\"><div class=\\"week\\"><div class=\\"day --is-not-in-start-month\\">30</div><div class=\\"day\\">1</div><div class=\\"day\\">2</div><div class=\\"day\\">3</div><div class=\\"day\\">4</div><div class=\\"day\\">5</div><div class=\\"day\\">6</div></div><div class=\\"week\\"><div class=\\"day\\">7</div><div class=\\"day\\">8</div><div class=\\"day\\">9</div><div class=\\"day\\">10</div><div class=\\"day\\">11</div><div class=\\"day\\">12</div><div class=\\"day\\">13</div></div><div class=\\"week\\"><div class=\\"day\\">14</div><div class=\\"day\\">15</div><div class=\\"day\\">16</div><div class=\\"day\\">17</div><div class=\\"day\\">18</div><div class=\\"day\\">19</div><div class=\\"day\\">20</div></div><div class=\\"week\\"><div class=\\"day\\">21</div><div class=\\"day\\">22</div><div class=\\"day\\">23</div><div class=\\"day\\">24</div><div class=\\"day\\">25</div><div class=\\"day\\">26</div><div class=\\"day\\">27</div></div><div class=\\"week\\"><div class=\\"day\\">28</div><div class=\\"day\\">29</div><div class=\\"day\\">30</div><div class=\\"day\\">31</div><div class=\\"day --is-not-in-start-month\\">1</div><div class=\\"day --is-not-in-start-month\\">2</div><div class=\\"day --is-not-in-start-month\\">3</div></div><div class=\\"week\\"><div class=\\"day --is-not-in-start-month\\">4</div><div class=\\"day --is-not-in-start-month\\">5</div><div class=\\"day --is-not-in-start-month\\">6</div><div class=\\"day --is-not-in-start-month\\">7</div><div class=\\"day --is-not-in-start-month\\">8</div><div class=\\"day --is-not-in-start-month\\">9</div><div class=\\"day --is-not-in-start-month\\">10</div></div></div></div>"`;

exports[`SelectDateRange calls previousMonth() 1`] = `"<div class=\\"SelectDateRange\\"><div><button>Previous Year</button><span>2017</span><button>Next Year</button></div><div><button>Previous Month</button><span>September</span><button>Next Month</button></div><div class=\\"week\\"><div class=\\"day\\">Sun</div><div class=\\"day\\">Mon</div><div class=\\"day\\">Tue</div><div class=\\"day\\">Wed</div><div class=\\"day\\">Thu</div><div class=\\"day\\">Fri</div><div class=\\"day\\">Sat</div></div><div class=\\"calendar\\"><div class=\\"week\\"><div class=\\"day --is-not-in-start-month\\">27</div><div class=\\"day --is-not-in-start-month\\">28</div><div class=\\"day --is-not-in-start-month\\">29</div><div class=\\"day --is-not-in-start-month\\">30</div><div class=\\"day --is-not-in-start-month\\">31</div><div class=\\"day\\">1</div><div class=\\"day\\">2</div></div><div class=\\"week\\"><div class=\\"day\\">3</div><div class=\\"day\\">4</div><div class=\\"day\\">5</div><div class=\\"day\\">6</div><div class=\\"day\\">7</div><div class=\\"day\\">8</div><div class=\\"day\\">9</div></div><div class=\\"week\\"><div class=\\"day\\">10</div><div class=\\"day\\">11</div><div class=\\"day\\">12</div><div class=\\"day\\">13</div><div class=\\"day\\">14</div><div class=\\"day\\">15</div><div class=\\"day\\">16</div></div><div class=\\"week\\"><div class=\\"day\\">17</div><div class=\\"day\\">18</div><div class=\\"day\\">19</div><div class=\\"day\\">20</div><div class=\\"day\\">21</div><div class=\\"day\\">22</div><div class=\\"day\\">23</div></div><div class=\\"week\\"><div class=\\"day\\">24</div><div class=\\"day\\">25</div><div class=\\"day\\">26</div><div class=\\"day\\">27</div><div class=\\"day\\">28</div><div class=\\"day\\">29</div><div class=\\"day\\">30</div></div><div class=\\"week\\"><div class=\\"day --is-not-in-start-month\\">1</div><div class=\\"day --is-not-in-start-month\\">2</div><div class=\\"day --is-not-in-start-month\\">3</div><div class=\\"day --is-not-in-start-month\\">4</div><div class=\\"day --is-not-in-start-month\\">5</div><div class=\\"day --is-not-in-start-month\\">6</div><div class=\\"day --is-not-in-start-month\\">7</div></div></div></div>"`;

exports[`SelectDateRange calls previousYear() 1`] = `"<div class=\\"SelectDateRange\\"><div><button>Previous Year</button><span>2016</span><button>Next Year</button></div><div><button>Previous Month</button><span>October</span><button>Next Month</button></div><div class=\\"week\\"><div class=\\"day\\">Sun</div><div class=\\"day\\">Mon</div><div class=\\"day\\">Tue</div><div class=\\"day\\">Wed</div><div class=\\"day\\">Thu</div><div class=\\"day\\">Fri</div><div class=\\"day\\">Sat</div></div><div class=\\"calendar\\"><div class=\\"week\\"><div class=\\"day --is-not-in-start-month\\">25</div><div class=\\"day --is-not-in-start-month\\">26</div><div class=\\"day --is-not-in-start-month\\">27</div><div class=\\"day --is-not-in-start-month\\">28</div><div class=\\"day --is-not-in-start-month\\">29</div><div class=\\"day --is-not-in-start-month\\">30</div><div class=\\"day\\">1</div></div><div class=\\"week\\"><div class=\\"day\\">2</div><div class=\\"day\\">3</div><div class=\\"day\\">4</div><div class=\\"day\\">5</div><div class=\\"day\\">6</div><div class=\\"day\\">7</div><div class=\\"day\\">8</div></div><div class=\\"week\\"><div class=\\"day\\">9</div><div class=\\"day\\">10</div><div class=\\"day\\">11</div><div class=\\"day\\">12</div><div class=\\"day\\">13</div><div class=\\"day\\">14</div><div class=\\"day\\">15</div></div><div class=\\"week\\"><div class=\\"day\\">16</div><div class=\\"day\\">17</div><div class=\\"day\\">18</div><div class=\\"day\\">19</div><div class=\\"day\\">20</div><div class=\\"day\\">21</div><div class=\\"day\\">22</div></div><div class=\\"week\\"><div class=\\"day\\">23</div><div class=\\"day\\">24</div><div class=\\"day\\">25</div><div class=\\"day\\">26</div><div class=\\"day\\">27</div><div class=\\"day\\">28</div><div class=\\"day\\">29</div></div><div class=\\"week\\"><div class=\\"day\\">30</div><div class=\\"day\\">31</div><div class=\\"day --is-not-in-start-month\\">1</div><div class=\\"day --is-not-in-start-month\\">2</div><div class=\\"day --is-not-in-start-month\\">3</div><div class=\\"day --is-not-in-start-month\\">4</div><div class=\\"day --is-not-in-start-month\\">5</div></div></div></div>"`;

exports[`SelectDateRange renders 1`] = `
<div
  className="SelectDateRange"
>
  <div>
    <button
      onClick={[Function]}
    >
      Previous Year
    </button>
    <span>
      2017
    </span>
    <button
      onClick={[Function]}
    >
      Next Year
    </button>
  </div>
  <div>
    <button
      onClick={[Function]}
    >
      Previous Month
    </button>
    <span>
      October
    </span>
    <button
      onClick={[Function]}
    >
      Next Month
    </button>
  </div>
  <div
    className="week"
  >
    <div
      className="day"
    >
      Sun
    </div>
    <div
      className="day"
    >
      Mon
    </div>
    <div
      className="day"
    >
      Tue
    </div>
    <div
      className="day"
    >
      Wed
    </div>
    <div
      className="day"
    >
      Thu
    </div>
    <div
      className="day"
    >
      Fri
    </div>
    <div
      className="day"
    >
      Sat
    </div>
  </div>
  <div
    className="calendar"
  >
    <div
      className="week"
    >
      <div
        className="day"
        onClick={[Function]}
      >
        1
      </div>
      <div
        className="day"
        onClick={[Function]}
      >
        2
      </div>
      <div
        className="day"
        onClick={[Function]}
      >
        3
      </div>
      <div
        className="day"
        onClick={[Function]}
      >
        4
      </div>
      <div
        className="day"
        onClick={[Function]}
      >
        5
      </div>
      <div
        className="day"
        onClick={[Function]}
      >
        6
      </div>
      <div
        className="day"
        onClick={[Function]}
      >
        7
      </div>
    </div>
    <div
      className="week"
    >
      <div
        className="day"
        onClick={[Function]}
      >
        8
      </div>
      <div
        className="day"
        onClick={[Function]}
      >
        9
      </div>
      <div
        className="day"
        onClick={[Function]}
      >
        10
      </div>
      <div
        className="day"
        onClick={[Function]}
      >
        11
      </div>
      <div
        className="day"
        onClick={[Function]}
      >
        12
      </div>
      <div
        className="day"
        onClick={[Function]}
      >
        13
      </div>
      <div
        className="day"
        onClick={[Function]}
      >
        14
      </div>
    </div>
    <div
      className="week"
    >
      <div
        className="day"
        onClick={[Function]}
      >
        15
      </div>
      <div
        className="day"
        onClick={[Function]}
      >
        16
      </div>
      <div
        className="day"
        onClick={[Function]}
      >
        17
      </div>
      <div
        className="day"
        onClick={[Function]}
      >
        18
      </div>
      <div
        className="day"
        onClick={[Function]}
      >
        19
      </div>
      <div
        className="day"
        onClick={[Function]}
      >
        20
      </div>
      <div
        className="day"
        onClick={[Function]}
      >
        21
      </div>
    </div>
    <div
      className="week"
    >
      <div
        className="day"
        onClick={[Function]}
      >
        22
      </div>
      <div
        className="day"
        onClick={[Function]}
      >
        23
      </div>
      <div
        className="day"
        onClick={[Function]}
      >
        24
      </div>
      <div
        className="day"
        onClick={[Function]}
      >
        25
      </div>
      <div
        className="day"
        onClick={[Function]}
      >
        26
      </div>
      <div
        className="day"
        onClick={[Function]}
      >
        27
      </div>
      <div
        className="day"
        onClick={[Function]}
      >
        28
      </div>
    </div>
    <div
      className="week"
    >
      <div
        className="day"
        onClick={[Function]}
      >
        29
      </div>
      <div
        className="day"
        onClick={[Function]}
      >
        30
      </div>
      <div
        className="day"
        onClick={[Function]}
      >
        31
      </div>
      <div
        className="day --is-not-in-start-month"
        onClick={[Function]}
      >
        1
      </div>
      <div
        className="day --is-not-in-start-month"
        onClick={[Function]}
      >
        2
      </div>
      <div
        className="day --is-not-in-start-month"
        onClick={[Function]}
      >
        3
      </div>
      <div
        className="day --is-not-in-start-month"
        onClick={[Function]}
      >
        4
      </div>
    </div>
    <div
      className="week"
    >
      <div
        className="day --is-not-in-start-month"
        onClick={[Function]}
      >
        5
      </div>
      <div
        className="day --is-not-in-start-month"
        onClick={[Function]}
      >
        6
      </div>
      <div
        className="day --is-not-in-start-month"
        onClick={[Function]}
      >
        7
      </div>
      <div
        className="day --is-not-in-start-month"
        onClick={[Function]}
      >
        8
      </div>
      <div
        className="day --is-not-in-start-month"
        onClick={[Function]}
      >
        9
      </div>
      <div
        className="day --is-not-in-start-month"
        onClick={[Function]}
      >
        10
      </div>
      <div
        className="day --is-not-in-start-month"
        onClick={[Function]}
      >
        11
      </div>
    </div>
  </div>
</div>
`;
